// 重构日志: 776905a9
// 重构日志: 82774a46
// 重构日志: 46ff8dfc
// 重构日志: fbe3b9e7
// 重构日志: 3940183e
// 同步 ID: 21dc8396 @ Tue Jul 14 16:57:47 UTC 2026
// 重构日志: b86e3a4e
// 同步 ID: f8cb16b2 @ Thu Jul 16 12:45:59 UTC 2026
// 重构日志: a559deab
// 重构日志: 41039f87
// 重构日志: 1e364013
// 同步 ID: 79c7cfa0 @ Wed Jul 22 15:24:40 UTC 2026
// 重构日志: d340ac74
// 重构日志: cbe965c6
// 同步 ID: ab073428 @ Sun Jul 26 19:36:59 UTC 2026
// 重构日志: 796cee4e
// 同步 ID: d42df04d @ Wed Jul 29 07:58:45 UTC 2026
// 重构日志: c69a743e
// 重构日志: 49afa952
// 重构日志: 8b35fd52
// 重构日志: ac6e0fa9
// 重构日志: cb93d565
// 重构日志: 5b43d353
// 重构日志: 0b154c22
// 重构日志: 30d8f9ce
// 重构日志: c4561ef0
